=== verify token ===
{"result":{"id":"45f72407c0523032523800fe89780b6a","status":"active"},"success":true,"errors":[],"messages":[{"code":10000,"message":"This API Token is valid and active","type":null}]}
HTTP_STATUS:200

=== list pages projects ===
{
  "result": [],
  "success": true,
  "errors": [],
  "messages": [],
  "result_info": {
    "page": 1,
    "per_page": 10,
    "count": 0,
    "total_count": 0,
    "total_pages": 0
  }
}

HTTP_STATUS:200

=== create project ===
{
  "result": {
    "id": "078e022b-079c-4d3b-b0c2-64fa46e8b620",
    "name": "portal-noticias",
    "subdomain": "portal-noticias-cz7.pages.dev",
    "domains": [
      "portal-noticias-cz7.pages.dev"
    ],
    "build_config": {
      "web_analytics_tag": null,
      "web_analytics_token": null
    },
    "deployment_configs": {
      "preview": {
        "env_vars": null,
        "fail_open": true,
        "always_use_latest_compatibility_date": false,
        "compatibility_date": "2026-07-17",
        "compatibility_flags": [],
        "build_image_major_version": 3,
        "usage_model": "standard"
      },
      "production": {
        "env_vars": null,
        "fail_open": true,
        "always_use_latest_compatibility_date": false,
        "compatibility_date": "2026-07-17",
        "compatibility_flags": [],
        "build_image_major_version": 3,
        "usage_model": "standard"
      }
    },
    "latest_deployment": null,
    "canonical_deployment": null,
    "created_on": "2026-07-17T14:22:05.34486Z",
    "production_branch": "main",
    "production_script_name": "pages-worker--16472404-production",
    "preview_script_name": "pages-worker--16472404-preview",
    "uses_functions": null,
    "framework": "",
    "framework_version": ""
  },
  "success": true,
  "errors": [],
  "messages": []
}

HTTP_STATUS:200
