  feed vazio ou inválido (https://www.vroomkart.com/rss.xml)
  listagem vazia (https://www.kartmotor.com.br/)
erro ao agrupar/classificar: Expecting value: line 1 column 1 (char 0)

== Motorsport.com ==
  4 manchete(s) nova(s)

== Autosport ==
  4 manchete(s) nova(s)

== The Race ==
  4 manchete(s) nova(s)

== RACER ==
  4 manchete(s) nova(s)

== Formula1.com ==
  4 manchete(s) nova(s)

== FIA ==
  4 manchete(s) nova(s)

== Vroomkart ==
  0 manchete(s) nova(s)

== eKarting News ==
  4 manchete(s) nova(s)

== Kart Motor ==
  0 manchete(s) nova(s)

== CBA ==
  1 manchete(s) nova(s)

Total de manchetes novas coletadas: 29

Agrupando e classificando manchetes...
